select '>               <' from TEST_KYLIN_FACT limit 1