WITH "T1" AS ((SELECT (CASE WHEN (("CLIENTVERSION" IS NOT NULL) AND ("MODEL" IS NULL)) THEN 'DM_JOVI_VOICE_SESSION_INFO_D.CLIENTVERSION' WHEN (("CLIENTVERSION" IS NULL) AND ("MODEL" IS NOT NULL)) THEN 'DM_JOVI_VOICE_SESSION_INFO_D.MODEL' ELSE 'all' END) "DIM1", CAST((COALESCE("CLIENTVERSION", "MODEL", 'all')) AS VARCHAR) "DIM2", "MEASURE"
FROM (SELECT "CLIENTVERSION", "MODEL", AVG("MEASURE_D") "MEASURE"
FROM (SELECT "DM_JOVI_VOICE_SESSION_INFO_D"."PRT_DT", "DM_JOVI_VOICE_SESSION_INFO_D"."CLIENTVERSION", "DM_JOVI_VOICE_SESSION_INFO_D"."MODEL", (SUM("DM_JOVI_VOICE_SESSION_INFO_D"."SESSION_CNT") * 1.0) "MEASURE_D"
FROM "AI_ANALYSIS_PRD"."DM_JOVI_VOICE_SESSION_INFO_D" "DM_JOVI_VOICE_SESSION_INFO_D"
WHERE (("DM_JOVI_VOICE_SESSION_INFO_D"."PRT_DT" >= '2010-01-01') AND ("DM_JOVI_VOICE_SESSION_INFO_D"."PRT_DT" <= '2010-01-02'))
GROUP BY GROUPING SETS("DM_JOVI_VOICE_SESSION_INFO_D"."PRT_DT", ("DM_JOVI_VOICE_SESSION_INFO_D"."PRT_DT", "DM_JOVI_VOICE_SESSION_INFO_D"."CLIENTVERSION"), ("DM_JOVI_VOICE_SESSION_INFO_D"."PRT_DT", "DM_JOVI_VOICE_SESSION_INFO_D"."MODEL"))
HAVING (SUM("DM_JOVI_VOICE_SESSION_INFO_D"."SESSION_CNT") > 1))
GROUP BY "CLIENTVERSION", "MODEL")
UNION ALL
SELECT (CASE WHEN (("SYSTEMVERSION" IS NOT NULL) AND ("DROOPING_NAME" IS NULL)) THEN 'DM_JOVI_VOICE_SESSION_INFO_D.SYSTEMVERSION' WHEN (("SYSTEMVERSION" IS NULL) AND ("DROOPING_NAME" IS NOT NULL)) THEN 'DM_JOVI_VOICE_SESSION_INFO_D.DROOPING_NAME' ELSE 'all' END) "DIM1", CAST((COALESCE("SYSTEMVERSION", "DROOPING_NAME", 'all')) AS VARCHAR) "DIM2", "MEASURE"
FROM (SELECT "SYSTEMVERSION", "DROOPING_NAME", AVG("MEASURE_D") "MEASURE"
FROM (SELECT "DM_JOVI_VOICE_SESSION_INFO_D"."PRT_DT", "DM_JOVI_VOICE_SESSION_INFO_D"."SYSTEMVERSION", "DM_JOVI_VOICE_SESSION_INFO_D"."DROOPING_NAME", (SUM("DM_JOVI_VOICE_SESSION_INFO_D"."SESSION_CNT") * 1.0) "MEASURE_D"
FROM "AI_ANALYSIS_PRD"."DM_JOVI_VOICE_SESSION_INFO_D" "DM_JOVI_VOICE_SESSION_INFO_D"
WHERE (("DM_JOVI_VOICE_SESSION_INFO_D"."PRT_DT" >= '2010-01-01') AND ("DM_JOVI_VOICE_SESSION_INFO_D"."PRT_DT" <= '2010-01-02'))
GROUP BY GROUPING SETS("DM_JOVI_VOICE_SESSION_INFO_D"."PRT_DT", ("DM_JOVI_VOICE_SESSION_INFO_D"."PRT_DT", "DM_JOVI_VOICE_SESSION_INFO_D"."SYSTEMVERSION"), ("DM_JOVI_VOICE_SESSION_INFO_D"."PRT_DT", "DM_JOVI_VOICE_SESSION_INFO_D"."DROOPING_NAME"))
HAVING (SUM("DM_JOVI_VOICE_SESSION_INFO_D"."SESSION_CNT") > 1))
GROUP BY "SYSTEMVERSION", "DROOPING_NAME"))
UNION ALL
SELECT (CASE WHEN (("INTENT_NAME" IS NOT NULL) AND ("IS_NEW" IS NULL)) THEN 'DM_JOVI_VOICE_SESSION_INFO_D.INTENT_NAME' WHEN (("INTENT_NAME" IS NULL) AND ("IS_NEW" IS NOT NULL)) THEN 'DM_JOVI_VOICE_SESSION_INFO_D.IS_NEW' ELSE 'all' END) "DIM1", CAST((COALESCE("INTENT_NAME", "IS_NEW", 'all')) AS VARCHAR) "DIM2", "MEASURE"
FROM (SELECT "INTENT_NAME", "IS_NEW", AVG("MEASURE_D") "MEASURE"
FROM (SELECT "DM_JOVI_VOICE_SESSION_INFO_D"."PRT_DT", "DM_JOVI_VOICE_SESSION_INFO_D"."INTENT_NAME", "DM_JOVI_VOICE_SESSION_INFO_D"."IS_NEW", (SUM("DM_JOVI_VOICE_SESSION_INFO_D"."SESSION_CNT") * 1.0) "MEASURE_D"
FROM "AI_ANALYSIS_PRD"."DM_JOVI_VOICE_SESSION_INFO_D" "DM_JOVI_VOICE_SESSION_INFO_D"
WHERE (("DM_JOVI_VOICE_SESSION_INFO_D"."PRT_DT" >= '2010-01-01') AND ("DM_JOVI_VOICE_SESSION_INFO_D"."PRT_DT" <= '2010-01-02'))
GROUP BY GROUPING SETS("DM_JOVI_VOICE_SESSION_INFO_D"."PRT_DT", ("DM_JOVI_VOICE_SESSION_INFO_D"."PRT_DT", "DM_JOVI_VOICE_SESSION_INFO_D"."INTENT_NAME"), ("DM_JOVI_VOICE_SESSION_INFO_D"."PRT_DT", "DM_JOVI_VOICE_SESSION_INFO_D"."IS_NEW"))
HAVING (SUM("DM_JOVI_VOICE_SESSION_INFO_D"."SESSION_CNT") > 1))
GROUP BY "INTENT_NAME", "IS_NEW")), "T2" AS ((SELECT (CASE WHEN (("CLIENTVERSION" IS NOT NULL) AND ("MODEL" IS NULL)) THEN 'DM_JOVI_VOICE_SESSION_INFO_D.CLIENTVERSION' WHEN (("CLIENTVERSION" IS NULL) AND ("MODEL" IS NOT NULL)) THEN 'DM_JOVI_VOICE_SESSION_INFO_D.MODEL' ELSE 'all' END) "DIM1", CAST((COALESCE("CLIENTVERSION", "MODEL", 'all')) AS VARCHAR) "DIM2", "MEASURE"
FROM (SELECT "CLIENTVERSION", "MODEL", AVG("MEASURE_D") "MEASURE"
FROM (SELECT "DM_JOVI_VOICE_SESSION_INFO_D"."PRT_DT", "DM_JOVI_VOICE_SESSION_INFO_D"."CLIENTVERSION", "DM_JOVI_VOICE_SESSION_INFO_D"."MODEL", (SUM("DM_JOVI_VOICE_SESSION_INFO_D"."SESSION_CNT") * 1.0) "MEASURE_D"
FROM "AI_ANALYSIS_PRD"."DM_JOVI_VOICE_SESSION_INFO_D" "DM_JOVI_VOICE_SESSION_INFO_D"
WHERE (("DM_JOVI_VOICE_SESSION_INFO_D"."PRT_DT" >= '2010-01-01') AND ("DM_JOVI_VOICE_SESSION_INFO_D"."PRT_DT" <= '2010-01-02'))
GROUP BY GROUPING SETS("DM_JOVI_VOICE_SESSION_INFO_D"."PRT_DT", ("DM_JOVI_VOICE_SESSION_INFO_D"."PRT_DT", "DM_JOVI_VOICE_SESSION_INFO_D"."CLIENTVERSION"), ("DM_JOVI_VOICE_SESSION_INFO_D"."PRT_DT", "DM_JOVI_VOICE_SESSION_INFO_D"."MODEL"))
HAVING (SUM("DM_JOVI_VOICE_SESSION_INFO_D"."SESSION_CNT") > 1))
GROUP BY "CLIENTVERSION", "MODEL")
UNION ALL
SELECT (CASE WHEN (("SYSTEMVERSION" IS NOT NULL) AND ("DROOPING_NAME" IS NULL)) THEN 'DM_JOVI_VOICE_SESSION_INFO_D.SYSTEMVERSION' WHEN (("SYSTEMVERSION" IS NULL) AND ("DROOPING_NAME" IS NOT NULL)) THEN 'DM_JOVI_VOICE_SESSION_INFO_D.DROOPING_NAME' ELSE 'all' END) "DIM1", CAST((COALESCE("SYSTEMVERSION", "DROOPING_NAME", 'all')) AS VARCHAR) "DIM2", "MEASURE"
FROM (SELECT "SYSTEMVERSION", "DROOPING_NAME", AVG("MEASURE_D") "MEASURE"
FROM (SELECT "DM_JOVI_VOICE_SESSION_INFO_D"."PRT_DT", "DM_JOVI_VOICE_SESSION_INFO_D"."SYSTEMVERSION", "DM_JOVI_VOICE_SESSION_INFO_D"."DROOPING_NAME", (SUM("DM_JOVI_VOICE_SESSION_INFO_D"."SESSION_CNT") * 1.0) "MEASURE_D"
FROM "AI_ANALYSIS_PRD"."DM_JOVI_VOICE_SESSION_INFO_D" "DM_JOVI_VOICE_SESSION_INFO_D"
WHERE (("DM_JOVI_VOICE_SESSION_INFO_D"."PRT_DT" >= '2010-01-01') AND ("DM_JOVI_VOICE_SESSION_INFO_D"."PRT_DT" <= '2010-01-02'))
GROUP BY GROUPING SETS("DM_JOVI_VOICE_SESSION_INFO_D"."PRT_DT", ("DM_JOVI_VOICE_SESSION_INFO_D"."PRT_DT", "DM_JOVI_VOICE_SESSION_INFO_D"."SYSTEMVERSION"), ("DM_JOVI_VOICE_SESSION_INFO_D"."PRT_DT", "DM_JOVI_VOICE_SESSION_INFO_D"."DROOPING_NAME"))
HAVING (SUM("DM_JOVI_VOICE_SESSION_INFO_D"."SESSION_CNT") > 1))
GROUP BY "SYSTEMVERSION", "DROOPING_NAME"))
UNION ALL
SELECT (CASE WHEN (("INTENT_NAME" IS NOT NULL) AND ("IS_NEW" IS NULL)) THEN 'DM_JOVI_VOICE_SESSION_INFO_D.INTENT_NAME' WHEN (("INTENT_NAME" IS NULL) AND ("IS_NEW" IS NOT NULL)) THEN 'DM_JOVI_VOICE_SESSION_INFO_D.IS_NEW' ELSE 'all' END) "DIM1", CAST((COALESCE("INTENT_NAME", "IS_NEW", 'all')) AS VARCHAR) "DIM2", "MEASURE"
FROM (SELECT "INTENT_NAME", "IS_NEW", AVG("MEASURE_D") "MEASURE"
FROM (SELECT "DM_JOVI_VOICE_SESSION_INFO_D"."PRT_DT", "DM_JOVI_VOICE_SESSION_INFO_D"."INTENT_NAME", "DM_JOVI_VOICE_SESSION_INFO_D"."IS_NEW", (SUM("DM_JOVI_VOICE_SESSION_INFO_D"."SESSION_CNT") * 1.0) "MEASURE_D"
FROM "AI_ANALYSIS_PRD"."DM_JOVI_VOICE_SESSION_INFO_D" "DM_JOVI_VOICE_SESSION_INFO_D"
WHERE (("DM_JOVI_VOICE_SESSION_INFO_D"."PRT_DT" >= '2010-01-01') AND ("DM_JOVI_VOICE_SESSION_INFO_D"."PRT_DT" <= '2010-01-02'))
GROUP BY GROUPING SETS("DM_JOVI_VOICE_SESSION_INFO_D"."PRT_DT", ("DM_JOVI_VOICE_SESSION_INFO_D"."PRT_DT", "DM_JOVI_VOICE_SESSION_INFO_D"."INTENT_NAME"), ("DM_JOVI_VOICE_SESSION_INFO_D"."PRT_DT", "DM_JOVI_VOICE_SESSION_INFO_D"."IS_NEW"))
HAVING (SUM("DM_JOVI_VOICE_SESSION_INFO_D"."SESSION_CNT") > 1))
GROUP BY "INTENT_NAME", "IS_NEW")), "T3" AS (SELECT "T2"."DIM1", "T2"."DIM2", (COALESCE("T1"."MEASURE", 0)) "MEASUREJIQI", (COALESCE("T2"."MEASURE", 0)) "MEASUREBENQI", (COALESCE(((("T2"."MEASURE" * 1.0) / "T1"."MEASURE") - 1), 0)) "MEASUREGAP"
FROM "T2"
LEFT JOIN "T1" ON (("T2"."DIM1" = "T1"."DIM1") AND ("T2"."DIM2" = "T1"."DIM2"))) (SELECT "T4"."DIM1", "T4"."DIM2", "T4"."MEASUREJIQI", "T4"."MEASUREBENQI", "T4"."MEASUREGAP", (("T4"."MEASUREBENQI" * 1.0) / "T5"."MEASUREJIQI") "RATIO", ABS(((("T4"."MEASUREGAP" * (("T4"."MEASUREBENQI" * 1.0) / "T5"."MEASUREBENQI")) / "T5"."MEASUREGAP") * 1.0)) "CONTRIBUTION"
FROM (SELECT 'tag' "TAG", *
FROM "T3") "T4"
INNER JOIN (SELECT 'tag' "TAG", *
FROM "T3"
WHERE ("DIM1" = 'A')) "T5" ON ("T4"."TAG" = "T5"."TAG"))