

SELECT "LSTG_FORMAT_NAME" FROM "TEST_KYLIN_FACT"
WHERE rlike("LSTG_FORMAT_NAME", 'ABIN')