-- https://github.com/Kyligence/KAP/issues/13613

SELECT INITCAP('apache') FROM "TEST_KYLIN_FACT"