-- https://github.com/Kyligence/KAP/issues/13613

SELECT  ORDER_ID,CASE substr(initcap(LSTG_FORMAT_NAME),1,1)
                WHEN 'A'     THEN 'LSTG_FORMAT_NAME begin with A'
                WHEN 'B'     THEN 'LSTG_FORMAT_NAME begin with B'
                WHEN 'C'     THEN 'LSTG_FORMAT_NAME begin with C'
                ELSE 'LSTG_FORMAT_NAME begin with x' END
FROM    TEST_KYLIN_FACT
order by ORDER_ID