-- https://github.com/Kyligence/KAP/issues/13613

select position('A',lstg_format_name) a
from test_kylin_fact
