

select CAL_DT,date_format(CAL_DT,'y')
from TEST_KYLIN_FACT
order by date_format(CAL_DT,'y')