select count(*) as cnt from test_kylin_fact
where lstg_format_name>='AAAA' and 'BBBB'>=lstg_format_name
